Performing C SOURCE FILE Test CMAKE_HAVE_LIBC_PTHREAD failed with the following output:
Change Dir: /home/lxs/work_place/Nav_dog/build/CMakeFiles/CMakeScratch/TryCompile-JELWmr

Run Build Command(s):/usr/bin/make -f Makefile cmTC_1686f/fast && /usr/bin/make  -f CMakeFiles/cmTC_1686f.dir/build.make CMakeFiles/cmTC_1686f.dir/build
make[1]: 进入目录“/home/lxs/work_place/Nav_dog/build/CMakeFiles/CMakeScratch/TryCompile-JELWmr”
Building C object CMakeFiles/cmTC_1686f.dir/src.c.o
/usr/bin/cc -DCMAKE_HAVE_LIBC_PTHREAD   -o CMakeFiles/cmTC_1686f.dir/src.c.o -c /home/lxs/work_place/Nav_dog/build/CMakeFiles/CMakeScratch/TryCompile-JELWmr/src.c
Linking C executable cmTC_1686f
/home/lxs/.local/lib/python3.8/site-packages/cmake/data/bin/cmake -E cmake_link_script CMakeFiles/cmTC_1686f.dir/link.txt --verbose=1
/usr/bin/cc -rdynamic CMakeFiles/cmTC_1686f.dir/src.c.o -o cmTC_1686f 
/usr/bin/ld: CMakeFiles/cmTC_1686f.dir/src.c.o: in function `main':
src.c:(.text+0x46): undefined reference to `pthread_create'
/usr/bin/ld: src.c:(.text+0x52): undefined reference to `pthread_detach'
/usr/bin/ld: src.c:(.text+0x5e): undefined reference to `pthread_cancel'
/usr/bin/ld: src.c:(.text+0x6f): undefined reference to `pthread_join'
collect2: error: ld returned 1 exit status
make[1]: *** [CMakeFiles/cmTC_1686f.dir/build.make:99：cmTC_1686f] 错误 1
make[1]: 离开目录“/home/lxs/work_place/Nav_dog/build/CMakeFiles/CMakeScratch/TryCompile-JELWmr”
make: *** [Makefile:127：cmTC_1686f/fast] 错误 2


Source file was:
#include <pthread.h>

static void* test_func(void* data)
{
  return data;
}

int main(void)
{
  pthread_t thread;
  pthread_create(&thread, NULL, test_func, NULL);
  pthread_detach(thread);
  pthread_cancel(thread);
  pthread_join(thread, NULL);
  pthread_atfork(NULL, NULL, NULL);
  pthread_exit(NULL);

  return 0;
}


Determining if the function pthread_create exists in the pthreads failed with the following output:
Change Dir: /home/lxs/work_place/Nav_dog/build/CMakeFiles/CMakeScratch/TryCompile-RauuVp

Run Build Command(s):/usr/bin/make -f Makefile cmTC_77af8/fast && /usr/bin/make  -f CMakeFiles/cmTC_77af8.dir/build.make CMakeFiles/cmTC_77af8.dir/build
make[1]: 进入目录“/home/lxs/work_place/Nav_dog/build/CMakeFiles/CMakeScratch/TryCompile-RauuVp”
Building C object CMakeFiles/cmTC_77af8.dir/CheckFunctionExists.c.o
/usr/bin/cc   -DCHECK_FUNCTION_EXISTS=pthread_create -o CMakeFiles/cmTC_77af8.dir/CheckFunctionExists.c.o -c /home/lxs/work_place/Nav_dog/build/CMakeFiles/CMakeScratch/TryCompile-RauuVp/CheckFunctionExists.c
Linking C executable cmTC_77af8
/home/lxs/.local/lib/python3.8/site-packages/cmake/data/bin/cmake -E cmake_link_script CMakeFiles/cmTC_77af8.dir/link.txt --verbose=1
/usr/bin/cc  -DCHECK_FUNCTION_EXISTS=pthread_create -rdynamic CMakeFiles/cmTC_77af8.dir/CheckFunctionExists.c.o -o cmTC_77af8  -lpthreads 
/usr/bin/ld: 找不到 -lpthreads
collect2: error: ld returned 1 exit status
make[1]: *** [CMakeFiles/cmTC_77af8.dir/build.make:99：cmTC_77af8] 错误 1
make[1]: 离开目录“/home/lxs/work_place/Nav_dog/build/CMakeFiles/CMakeScratch/TryCompile-RauuVp”
make: *** [Makefile:127：cmTC_77af8/fast] 错误 2



